  Motor.cpp
C:\Users\andre\Desktop\G\Blackjack\Blackjack\src\Motor.cpp(1,1): warning C4828: El archivo contiene un carácter que comienza en el desplazamiento 0x1ba9 y que no es válido en el juego de caracteres del origen actual (página de códigos 65001).
C:\Users\andre\Desktop\G\Blackjack\Blackjack\src\puerto.h(1,1): warning C4828: El archivo contiene un carácter que comienza en el desplazamiento 0xa5c y que no es válido en el juego de caracteres del origen actual (página de códigos 65001).
  (compilando archivo de origen "src/Motor.cpp")
  
C:\Users\andre\Desktop\G\Blackjack\Blackjack\src\puerto.h(1,1): warning C4828: El archivo contiene un carácter que comienza en el desplazamiento 0xa6a y que no es válido en el juego de caracteres del origen actual (página de códigos 65001).
  (compilando archivo de origen "src/Motor.cpp")
  
C:\Users\andre\Desktop\G\Blackjack\Blackjack\src\puerto.h(1,1): warning C4828: El archivo contiene un carácter que comienza en el desplazamiento 0xd4c y que no es válido en el juego de caracteres del origen actual (página de códigos 65001).
  (compilando archivo de origen "src/Motor.cpp")
  
C:\Users\andre\Desktop\G\Blackjack\Blackjack\src\puerto.h(1,1): warning C4828: El archivo contiene un carácter que comienza en el desplazamiento 0xd52 y que no es válido en el juego de caracteres del origen actual (página de códigos 65001).
  (compilando archivo de origen "src/Motor.cpp")
  
C:\Users\andre\Desktop\G\Blackjack\Blackjack\src\Motor.cpp(90,32): warning C4244: 'argumento': conversión de 'int' a 'float'; posible pérdida de datos
C:\Users\andre\Desktop\G\Blackjack\Blackjack\src\Motor.cpp(90,26): warning C4244: 'argumento': conversión de 'int' a 'float'; posible pérdida de datos
C:\Users\andre\Desktop\G\Blackjack\Blackjack\src\Motor.cpp(98,47): warning C4244: 'argumento': conversión de 'unsigned int' a 'float'; posible pérdida de datos
C:\Users\andre\Desktop\G\Blackjack\Blackjack\src\Motor.cpp(98,27): warning C4244: 'argumento': conversión de 'unsigned int' a 'float'; posible pérdida de datos
C:\Users\andre\Desktop\G\Blackjack\Blackjack\src\Motor.cpp(146,24): warning C4244: '=': conversión de 'float' a 'unsigned int'; posible pérdida de datos
C:\Users\andre\Desktop\G\Blackjack\Blackjack\src\Motor.cpp(147,26): warning C4244: '=': conversión de 'float' a 'unsigned int'; posible pérdida de datos
C:\Users\andre\Desktop\G\Blackjack\Blackjack\src\Motor.cpp(149,49): warning C4244: 'argumento': conversión de 'unsigned int' a 'T'; posible pérdida de datos
C:\Users\andre\Desktop\G\Blackjack\Blackjack\src\Motor.cpp(149,49): warning C4244:         with
C:\Users\andre\Desktop\G\Blackjack\Blackjack\src\Motor.cpp(149,49): warning C4244:         [
C:\Users\andre\Desktop\G\Blackjack\Blackjack\src\Motor.cpp(149,49): warning C4244:             T=float
C:\Users\andre\Desktop\G\Blackjack\Blackjack\src\Motor.cpp(149,49): warning C4244:         ]
C:\Users\andre\Desktop\G\Blackjack\Blackjack\src\Motor.cpp(149,42): warning C4244: 'argumento': conversión de 'unsigned int' a 'T'; posible pérdida de datos
C:\Users\andre\Desktop\G\Blackjack\Blackjack\src\Motor.cpp(149,42): warning C4244:         with
C:\Users\andre\Desktop\G\Blackjack\Blackjack\src\Motor.cpp(149,42): warning C4244:         [
C:\Users\andre\Desktop\G\Blackjack\Blackjack\src\Motor.cpp(149,42): warning C4244:             T=float
C:\Users\andre\Desktop\G\Blackjack\Blackjack\src\Motor.cpp(149,42): warning C4244:         ]
C:\Users\andre\Desktop\G\Blackjack\Blackjack\src\Motor.cpp(161,50): warning C4244: 'argumento': conversión de 'unsigned int' a 'float'; posible pérdida de datos
C:\Users\andre\Desktop\G\Blackjack\Blackjack\src\Motor.cpp(161,38): warning C4244: 'argumento': conversión de 'unsigned int' a 'float'; posible pérdida de datos
C:\Users\andre\Desktop\G\Blackjack\Blackjack\src\Motor.cpp(162,53): warning C4244: 'argumento': conversión de 'unsigned int' a 'float'; posible pérdida de datos
C:\Users\andre\Desktop\G\Blackjack\Blackjack\src\Motor.cpp(162,39): warning C4244: 'argumento': conversión de 'unsigned int' a 'float'; posible pérdida de datos
C:\Users\andre\Desktop\G\Blackjack\Blackjack\src\Motor.cpp(163,53): warning C4244: 'argumento': conversión de 'unsigned int' a 'float'; posible pérdida de datos
C:\Users\andre\Desktop\G\Blackjack\Blackjack\src\Motor.cpp(163,39): warning C4244: 'argumento': conversión de 'unsigned int' a 'float'; posible pérdida de datos
C:\Users\andre\Desktop\G\Blackjack\Blackjack\src\Motor.cpp(164,57): warning C4244: 'argumento': conversión de 'unsigned int' a 'float'; posible pérdida de datos
C:\Users\andre\Desktop\G\Blackjack\Blackjack\src\Motor.cpp(164,42): warning C4244: 'argumento': conversión de 'unsigned int' a 'float'; posible pérdida de datos
C:\Users\andre\Desktop\G\Blackjack\Blackjack\src\Motor.cpp(167,52): warning C4244: 'argumento': conversión de 'unsigned int' a 'float'; posible pérdida de datos
C:\Users\andre\Desktop\G\Blackjack\Blackjack\src\Motor.cpp(167,40): warning C4244: 'argumento': conversión de 'unsigned int' a 'float'; posible pérdida de datos
C:\Users\andre\Desktop\G\Blackjack\Blackjack\src\Motor.cpp(168,59): warning C4244: 'argumento': conversión de 'unsigned int' a 'float'; posible pérdida de datos
C:\Users\andre\Desktop\G\Blackjack\Blackjack\src\Motor.cpp(168,45): warning C4244: 'argumento': conversión de 'unsigned int' a 'float'; posible pérdida de datos
C:\Users\andre\Desktop\G\Blackjack\Blackjack\src\Motor.cpp(169,58): warning C4244: 'argumento': conversión de 'unsigned int' a 'float'; posible pérdida de datos
C:\Users\andre\Desktop\G\Blackjack\Blackjack\src\Motor.cpp(169,44): warning C4244: 'argumento': conversión de 'unsigned int' a 'float'; posible pérdida de datos
C:\Users\andre\Desktop\G\Blackjack\Blackjack\src\Motor.cpp(210,28): warning C4244: 'argumento': conversión de 'int' a 'float'; posible pérdida de datos
C:\Users\andre\Desktop\G\Blackjack\Blackjack\src\Motor.cpp(210,22): warning C4244: 'argumento': conversión de 'int' a 'float'; posible pérdida de datos
C:\Users\andre\Desktop\G\Blackjack\Blackjack\src\Motor.cpp(221,71): warning C4244: 'argumento': conversión de 'double' a 'int'; posible pérdida de datos
C:\Users\andre\Desktop\G\Blackjack\Blackjack\src\Motor.cpp(221,56): warning C4244: 'argumento': conversión de 'double' a 'int'; posible pérdida de datos
C:\Users\andre\Desktop\G\Blackjack\Blackjack\src\Motor.cpp(249,76): warning C4244: 'argumento': conversión de 'double' a 'int'; posible pérdida de datos
C:\Users\andre\Desktop\G\Blackjack\Blackjack\src\Motor.cpp(249,63): warning C4244: 'argumento': conversión de 'float' a 'int'; posible pérdida de datos
C:\Users\andre\Desktop\G\Blackjack\Blackjack\src\Motor.cpp(250,96): warning C4244: 'argumento': conversión de 'double' a 'int'; posible pérdida de datos
C:\Users\andre\Desktop\G\Blackjack\Blackjack\src\Motor.cpp(250,83): warning C4244: 'argumento': conversión de 'float' a 'int'; posible pérdida de datos
  Blackjack.vcxproj -> C:\Users\andre\Desktop\G\Blackjack\x64\Debug\Blackjack.exe
  "pwsh.exe" no se reconoce como un comando interno o externo,
  programa o archivo por lotes ejecutable.
