c:\users\andre\desktop\g\blackjack\blackjack\x64\debug\vc143.pdb
c:\users\andre\desktop\g\blackjack\blackjack\x64\debug\vc143.idb
c:\users\andre\desktop\g\blackjack\blackjack\x64\debug\puerto.obj
c:\users\andre\desktop\g\blackjack\blackjack\x64\debug\partida.obj
c:\users\andre\desktop\g\blackjack\blackjack\x64\debug\motor.obj
c:\users\andre\desktop\g\blackjack\blackjack\x64\debug\menu.obj
c:\users\andre\desktop\g\blackjack\blackjack\x64\debug\main.obj
c:\users\andre\desktop\g\blackjack\blackjack\x64\debug\jugador.obj
c:\users\andre\desktop\g\blackjack\blackjack\x64\debug\carta.obj
c:\users\andre\desktop\g\blackjack\blackjack\x64\debug\baraja.obj
c:\users\andre\desktop\g\blackjack\x64\debug\blackjack.exe
c:\users\andre\desktop\g\blackjack\x64\debug\blackjack.pdb
c:\users\andre\desktop\g\blackjack\blackjack\x64\debug\blackjack.ilk
c:\users\andre\desktop\g\blackjack\blackjack\x64\debug\blackjack.tlog\cl.command.1.tlog
c:\users\andre\desktop\g\blackjack\blackjack\x64\debug\blackjack.tlog\cl.items.tlog
c:\users\andre\desktop\g\blackjack\blackjack\x64\debug\blackjack.tlog\cl.read.1.tlog
c:\users\andre\desktop\g\blackjack\blackjack\x64\debug\blackjack.tlog\cl.write.1.tlog
c:\users\andre\desktop\g\blackjack\blackjack\x64\debug\blackjack.tlog\link.command.1.tlog
c:\users\andre\desktop\g\blackjack\blackjack\x64\debug\blackjack.tlog\link.read.1.tlog
c:\users\andre\desktop\g\blackjack\blackjack\x64\debug\blackjack.tlog\link.secondary.1.tlog
c:\users\andre\desktop\g\blackjack\blackjack\x64\debug\blackjack.tlog\link.write.1.tlog
